../Core/Src/LDChip.c:37:6:JQ_Send	192	static
../Core/Src/LDChip.c:52:6:UART_Send	24	static
../Core/Src/LDChip.c:81:13:LD_Delayms	16	static
../Core/Src/LDChip.c:86:13:LD3320_delay	16	static
../Core/Src/LDChip.c:91:9:Spi_RW_Data	56	dynamic
../Core/Src/LDChip.c:98:13:LD_WriteReg	24	static
../Core/Src/LDChip.c:112:14:LD_ReadReg	24	static
../Core/Src/LDChip.c:128:13:LD_reset	8	static
../Core/Src/LDChip.c:143:6:LD3320_main	184	static
../Core/Src/LDChip.c:297:7:LD_Check_ASRBusyFlag_b2	16	static
../Core/Src/LDChip.c:316:14:LD_AsrAddFixed	120	static
../Core/Src/LDChip.c:367:14:LD_AsrRun	8	static
../Core/Src/LDChip.c:395:14:RunASR	16	static
../Core/Src/LDChip.c:429:14:LD_GetResult	8	static
../Core/Src/LDChip.c:434:13:ProcessInt	16	static
../Core/Src/LDChip.c:484:6:LD_IRQHandler	8	static
../Core/Src/LDChip.c:492:13:LD_Init_Common	16	static
../Core/Src/LDChip.c:552:13:LD_Init_ASR	8	static
